TAP version 13
# Subtest: 1학년 한 자리 수 덧셈: 5단계 × 100개 정확성·선택지
ok 1 - 1학년 한 자리 수 덧셈: 5단계 × 100개 정확성·선택지
  ---
  duration_ms: 22.4044
  type: 'test'
  ...
# Subtest: 1학년 10 이하 수 뺄셈: 5단계 × 100개 정확성·선택지
ok 2 - 1학년 10 이하 수 뺄셈: 5단계 × 100개 정확성·선택지
  ---
  duration_ms: 14.1493
  type: 'test'
  ...
# Subtest: 1학년 삼각형과 사각형: 5단계 × 100개 정확성·선택지
ok 3 - 1학년 삼각형과 사각형: 5단계 × 100개 정확성·선택지
  ---
  duration_ms: 16.8117
  type: 'test'
  ...
# Subtest: 1학년 수의 규칙 찾기: 5단계 × 100개 정확성·선택지
ok 4 - 1학년 수의 규칙 찾기: 5단계 × 100개 정확성·선택지
  ---
  duration_ms: 11.0099
  type: 'test'
  ...
# Subtest: 2학년 두 자리 수 덧셈: 5단계 × 100개 정확성·선택지
ok 5 - 2학년 두 자리 수 덧셈: 5단계 × 100개 정확성·선택지
  ---
  duration_ms: 10.9625
  type: 'test'
  ...
# Subtest: 2학년 두 자리 수 뺄셈: 5단계 × 100개 정확성·선택지
ok 6 - 2학년 두 자리 수 뺄셈: 5단계 × 100개 정확성·선택지
  ---
  duration_ms: 12.4247
  type: 'test'
  ...
# Subtest: 2학년 곱셈구구: 5단계 × 100개 정확성·선택지
ok 7 - 2학년 곱셈구구: 5단계 × 100개 정확성·선택지
  ---
  duration_ms: 9.2213
  type: 'test'
  ...
# Subtest: 2학년 m와 cm: 5단계 × 100개 정확성·선택지
ok 8 - 2학년 m와 cm: 5단계 × 100개 정확성·선택지
  ---
  duration_ms: 13.3191
  type: 'test'
  ...
# Subtest: 2학년 수의 규칙: 5단계 × 100개 정확성·선택지
ok 9 - 2학년 수의 규칙: 5단계 × 100개 정확성·선택지
  ---
  duration_ms: 12.4623
  type: 'test'
  ...
# Subtest: 3학년 곱셈: 5단계 × 100개 정확성·선택지
ok 10 - 3학년 곱셈: 5단계 × 100개 정확성·선택지
  ---
  duration_ms: 9.7316
  type: 'test'
  ...
# Subtest: 3학년 나눗셈: 5단계 × 100개 정확성·선택지
ok 11 - 3학년 나눗셈: 5단계 × 100개 정확성·선택지
  ---
  duration_ms: 8.7641
  type: 'test'
  ...
# Subtest: 3학년 소수의 덧셈 기초: 5단계 × 100개 정확성·선택지
ok 12 - 3학년 소수의 덧셈 기초: 5단계 × 100개 정확성·선택지
  ---
  duration_ms: 14.9277
  type: 'test'
  ...
# Subtest: 3학년 분과 초: 5단계 × 100개 정확성·선택지
ok 13 - 3학년 분과 초: 5단계 × 100개 정확성·선택지
  ---
  duration_ms: 15.3287
  type: 'test'
  ...
# Subtest: 3학년 다각형의 변: 5단계 × 100개 정확성·선택지
ok 14 - 3학년 다각형의 변: 5단계 × 100개 정확성·선택지
  ---
  duration_ms: 14.3134
  type: 'test'
  ...
# Subtest: 4학년 같은 분모 분수의 덧셈: 5단계 × 100개 정확성·선택지
ok 15 - 4학년 같은 분모 분수의 덧셈: 5단계 × 100개 정확성·선택지
  ---
  duration_ms: 16.1557
  type: 'test'
  ...
# Subtest: 4학년 소수의 덧셈: 5단계 × 100개 정확성·선택지
ok 16 - 4학년 소수의 덧셈: 5단계 × 100개 정확성·선택지
  ---
  duration_ms: 14.096
  type: 'test'
  ...
# Subtest: 4학년 삼각형의 각: 5단계 × 100개 정확성·선택지
ok 17 - 4학년 삼각형의 각: 5단계 × 100개 정확성·선택지
  ---
  duration_ms: 13.1698
  type: 'test'
  ...
# Subtest: 4학년 규칙과 대응: 5단계 × 100개 정확성·선택지
ok 18 - 4학년 규칙과 대응: 5단계 × 100개 정확성·선택지
  ---
  duration_ms: 9.5852
  type: 'test'
  ...
# Subtest: 5학년 다른 분모 분수의 덧셈: 5단계 × 100개 정확성·선택지
ok 19 - 5학년 다른 분모 분수의 덧셈: 5단계 × 100개 정확성·선택지
  ---
  duration_ms: 15.6245
  type: 'test'
  ...
# Subtest: 5학년 분수의 곱셈: 5단계 × 100개 정확성·선택지
ok 20 - 5학년 분수의 곱셈: 5단계 × 100개 정확성·선택지
  ---
  duration_ms: 14.7056
  type: 'test'
  ...
# Subtest: 5학년 소수의 곱셈: 5단계 × 100개 정확성·선택지
ok 21 - 5학년 소수의 곱셈: 5단계 × 100개 정확성·선택지
  ---
  duration_ms: 14.0522
  type: 'test'
  ...
# Subtest: 5학년 직사각형 넓이: 5단계 × 100개 정확성·선택지
ok 22 - 5학년 직사각형 넓이: 5단계 × 100개 정확성·선택지
  ---
  duration_ms: 14.3808
  type: 'test'
  ...
# Subtest: 5학년 평균: 5단계 × 100개 정확성·선택지
ok 23 - 5학년 평균: 5단계 × 100개 정확성·선택지
  ---
  duration_ms: 11.2571
  type: 'test'
  ...
# Subtest: 6학년 분수의 나눗셈: 5단계 × 100개 정확성·선택지
ok 24 - 6학년 분수의 나눗셈: 5단계 × 100개 정확성·선택지
  ---
  duration_ms: 12.2183
  type: 'test'
  ...
# Subtest: 6학년 소수의 나눗셈: 5단계 × 100개 정확성·선택지
ok 25 - 6학년 소수의 나눗셈: 5단계 × 100개 정확성·선택지
  ---
  duration_ms: 12.5821
  type: 'test'
  ...
# Subtest: 6학년 직육면체 부피: 5단계 × 100개 정확성·선택지
ok 26 - 6학년 직육면체 부피: 5단계 × 100개 정확성·선택지
  ---
  duration_ms: 16.1683
  type: 'test'
  ...
# Subtest: 6학년 백분율: 5단계 × 100개 정확성·선택지
ok 27 - 6학년 백분율: 5단계 × 100개 정확성·선택지
  ---
  duration_ms: 10.7231
  type: 'test'
  ...
# Subtest: 6학년 비례식: 5단계 × 100개 정확성·선택지
ok 28 - 6학년 비례식: 5단계 × 100개 정확성·선택지
  ---
  duration_ms: 12.2465
  type: 'test'
  ...
# Subtest: 6학년 평균 복습: 5단계 × 100개 정확성·선택지
ok 29 - 6학년 평균 복습: 5단계 × 100개 정확성·선택지
  ---
  duration_ms: 11.3664
  type: 'test'
  ...
# Subtest: 분수 동치·정확한 소수·단위 변환·잘못된 값
ok 30 - 분수 동치·정확한 소수·단위 변환·잘못된 값
  ---
  duration_ms: 0.3901
  type: 'test'
  ...
# Subtest: 자동 난이도 변경과 경계
ok 31 - 자동 난이도 변경과 경계
  ---
  duration_ms: 0.1422
  type: 'test'
  ...
# Subtest: 보스 공격 형태별 충돌 및 회피
ok 32 - 보스 공격 형태별 충돌 및 회피
  ---
  duration_ms: 0.1761
  type: 'test'
  ...
# Subtest: 학습 기록·영역 집계·CSV 인용·저장 제한
ok 33 - 학습 기록·영역 집계·CSV 인용·저장 제한
  ---
  duration_ms: 2.1047
  type: 'test'
  ...
# Subtest: 외부 문제은행 대표 145문항 검증
ok 34 - 외부 문제은행 대표 145문항 검증
  ---
  duration_ms: 5.1032
  type: 'test'
  ...
1..34
# tests 34
# suites 0
# pass 34
# fail 0
# cancelled 0
# skipped 0
# todo 0
# duration_ms 531.1701
