TAP version 13
# Subtest: 1학년 한 자리 수 덧셈: 5단계 × 100개 정확성·선택지
ok 1 - 1학년 한 자리 수 덧셈: 5단계 × 100개 정확성·선택지
  ---
  duration_ms: 17.6951
  type: 'test'
  ...
# Subtest: 1학년 10 이하 수 뺄셈: 5단계 × 100개 정확성·선택지
ok 2 - 1학년 10 이하 수 뺄셈: 5단계 × 100개 정확성·선택지
  ---
  duration_ms: 11.1653
  type: 'test'
  ...
# Subtest: 1학년 삼각형과 사각형: 5단계 × 100개 정확성·선택지
ok 3 - 1학년 삼각형과 사각형: 5단계 × 100개 정확성·선택지
  ---
  duration_ms: 13.6658
  type: 'test'
  ...
# Subtest: 1학년 수의 규칙 찾기: 5단계 × 100개 정확성·선택지
ok 4 - 1학년 수의 규칙 찾기: 5단계 × 100개 정확성·선택지
  ---
  duration_ms: 12.7968
  type: 'test'
  ...
# Subtest: 2학년 두 자리 수 덧셈: 5단계 × 100개 정확성·선택지
ok 5 - 2학년 두 자리 수 덧셈: 5단계 × 100개 정확성·선택지
  ---
  duration_ms: 11.6222
  type: 'test'
  ...
# Subtest: 2학년 두 자리 수 뺄셈: 5단계 × 100개 정확성·선택지
ok 6 - 2학년 두 자리 수 뺄셈: 5단계 × 100개 정확성·선택지
  ---
  duration_ms: 9.8389
  type: 'test'
  ...
# Subtest: 2학년 곱셈구구: 5단계 × 100개 정확성·선택지
ok 7 - 2학년 곱셈구구: 5단계 × 100개 정확성·선택지
  ---
  duration_ms: 11.454
  type: 'test'
  ...
# Subtest: 2학년 m와 cm: 5단계 × 100개 정확성·선택지
ok 8 - 2학년 m와 cm: 5단계 × 100개 정확성·선택지
  ---
  duration_ms: 14.821
  type: 'test'
  ...
# Subtest: 2학년 수의 규칙: 5단계 × 100개 정확성·선택지
ok 9 - 2학년 수의 규칙: 5단계 × 100개 정확성·선택지
  ---
  duration_ms: 12.8342
  type: 'test'
  ...
# Subtest: 3학년 곱셈: 5단계 × 100개 정확성·선택지
ok 10 - 3학년 곱셈: 5단계 × 100개 정확성·선택지
  ---
  duration_ms: 10.8561
  type: 'test'
  ...
# Subtest: 3학년 나눗셈: 5단계 × 100개 정확성·선택지
ok 11 - 3학년 나눗셈: 5단계 × 100개 정확성·선택지
  ---
  duration_ms: 10.628
  type: 'test'
  ...
# Subtest: 3학년 소수의 덧셈 기초: 5단계 × 100개 정확성·선택지
ok 12 - 3학년 소수의 덧셈 기초: 5단계 × 100개 정확성·선택지
  ---
  duration_ms: 14.2973
  type: 'test'
  ...
# Subtest: 3학년 분과 초: 5단계 × 100개 정확성·선택지
ok 13 - 3학년 분과 초: 5단계 × 100개 정확성·선택지
  ---
  duration_ms: 15.1472
  type: 'test'
  ...
# Subtest: 3학년 다각형의 변: 5단계 × 100개 정확성·선택지
ok 14 - 3학년 다각형의 변: 5단계 × 100개 정확성·선택지
  ---
  duration_ms: 11.748
  type: 'test'
  ...
# Subtest: 4학년 같은 분모 분수의 덧셈: 5단계 × 100개 정확성·선택지
ok 15 - 4학년 같은 분모 분수의 덧셈: 5단계 × 100개 정확성·선택지
  ---
  duration_ms: 12.4895
  type: 'test'
  ...
# Subtest: 4학년 소수의 덧셈: 5단계 × 100개 정확성·선택지
ok 16 - 4학년 소수의 덧셈: 5단계 × 100개 정확성·선택지
  ---
  duration_ms: 10.6688
  type: 'test'
  ...
# Subtest: 4학년 삼각형의 각: 5단계 × 100개 정확성·선택지
ok 17 - 4학년 삼각형의 각: 5단계 × 100개 정확성·선택지
  ---
  duration_ms: 12.861
  type: 'test'
  ...
# Subtest: 4학년 규칙과 대응: 5단계 × 100개 정확성·선택지
ok 18 - 4학년 규칙과 대응: 5단계 × 100개 정확성·선택지
  ---
  duration_ms: 9.3686
  type: 'test'
  ...
# Subtest: 5학년 다른 분모 분수의 덧셈: 5단계 × 100개 정확성·선택지
ok 19 - 5학년 다른 분모 분수의 덧셈: 5단계 × 100개 정확성·선택지
  ---
  duration_ms: 11.7235
  type: 'test'
  ...
# Subtest: 5학년 분수의 곱셈: 5단계 × 100개 정확성·선택지
ok 20 - 5학년 분수의 곱셈: 5단계 × 100개 정확성·선택지
  ---
  duration_ms: 12.1744
  type: 'test'
  ...
# Subtest: 5학년 소수의 곱셈: 5단계 × 100개 정확성·선택지
ok 21 - 5학년 소수의 곱셈: 5단계 × 100개 정확성·선택지
  ---
  duration_ms: 11.3354
  type: 'test'
  ...
# Subtest: 5학년 직사각형 넓이: 5단계 × 100개 정확성·선택지
ok 22 - 5학년 직사각형 넓이: 5단계 × 100개 정확성·선택지
  ---
  duration_ms: 12.9801
  type: 'test'
  ...
# Subtest: 5학년 평균: 5단계 × 100개 정확성·선택지
ok 23 - 5학년 평균: 5단계 × 100개 정확성·선택지
  ---
  duration_ms: 9.6127
  type: 'test'
  ...
# Subtest: 6학년 분수의 나눗셈: 5단계 × 100개 정확성·선택지
ok 24 - 6학년 분수의 나눗셈: 5단계 × 100개 정확성·선택지
  ---
  duration_ms: 10.9762
  type: 'test'
  ...
# Subtest: 6학년 소수의 나눗셈: 5단계 × 100개 정확성·선택지
ok 25 - 6학년 소수의 나눗셈: 5단계 × 100개 정확성·선택지
  ---
  duration_ms: 10.9197
  type: 'test'
  ...
# Subtest: 6학년 직육면체 부피: 5단계 × 100개 정확성·선택지
ok 26 - 6학년 직육면체 부피: 5단계 × 100개 정확성·선택지
  ---
  duration_ms: 14.05
  type: 'test'
  ...
# Subtest: 6학년 백분율: 5단계 × 100개 정확성·선택지
ok 27 - 6학년 백분율: 5단계 × 100개 정확성·선택지
  ---
  duration_ms: 9.0378
  type: 'test'
  ...
# Subtest: 6학년 비례식: 5단계 × 100개 정확성·선택지
ok 28 - 6학년 비례식: 5단계 × 100개 정확성·선택지
  ---
  duration_ms: 10.0645
  type: 'test'
  ...
# Subtest: 6학년 평균 복습: 5단계 × 100개 정확성·선택지
ok 29 - 6학년 평균 복습: 5단계 × 100개 정확성·선택지
  ---
  duration_ms: 7.5503
  type: 'test'
  ...
# Subtest: 분수 동치·정확한 소수·단위 변환·잘못된 값
ok 30 - 분수 동치·정확한 소수·단위 변환·잘못된 값
  ---
  duration_ms: 0.7845
  type: 'test'
  ...
# Subtest: 자동 난이도 변경과 경계
ok 31 - 자동 난이도 변경과 경계
  ---
  duration_ms: 0.2493
  type: 'test'
  ...
# Subtest: 보스 공격 형태별 충돌 및 회피
ok 32 - 보스 공격 형태별 충돌 및 회피
  ---
  duration_ms: 0.3304
  type: 'test'
  ...
# Subtest: 학습 기록·영역 집계·CSV 인용·저장 제한
ok 33 - 학습 기록·영역 집계·CSV 인용·저장 제한
  ---
  duration_ms: 3.406
  type: 'test'
  ...
# Subtest: 외부 문제은행 대표 145문항 검증
ok 34 - 외부 문제은행 대표 145문항 검증
  ---
  duration_ms: 4.8608
  type: 'test'
  ...
1..34
# tests 34
# suites 0
# pass 34
# fail 0
# cancelled 0
# skipped 0
# todo 0
# duration_ms 490.3794
